7 is sending 70 from 7 to 4 (data:""),  (operatorData:"")
Balance of 7 is 0
Balance of 4 is 110
