Changing the caller to 9
9 is sending 70 from 7 to 7 (data:""),  (operatorData:"")
Balance of 7 is 70
Balance of 7 is 70
