7 is sending 71 from 7 to 4 (data:""),  (operatorData:"")
REVERT
Balance of 7 is 70
Balance of 4 is 40
