7 is authorizing 1 as an operator
Changing the caller to 1
1 is sending 10 from 7 to 2 (data:""),  (operatorData:"")
Balance of 7 is 60
Balance of 2 is 30
1 is sending 10 from 7 to 2 (data:""),  (operatorData:"")
Balance of 7 is 50
Balance of 2 is 40
