7 is authorizing 0 as an operator
REVERT
7 is revoking operator 0
REVERT
