1 is not operator for 7
7 is authorizing 1 as an operator
1 is operator for 7
7 is authorizing 1 as an operator
1 is operator for 7
