8 is operator for 7
7 is authorizing 8 as an operator
8 is operator for 7
