Changing the caller to 10
10 is minting 1000 for 10 (data:""),  (operatorData:"")
REVERT
Balance of 10 is 100
Total supply is 550
Changing the caller to 8
8 is minting 1000 for 10 (data:""),  (operatorData:"")
REVERT
Balance of 10 is 100
Total supply is 550
