Changing the caller to 5
5 is minting 1000 for 5 (data:""),  (operatorData:"")
Balance of 5 is 1050
Total supply is 1550
Changing the caller to 8
8 is minting 1000 for 6 (data:""),  (operatorData:"")
Balance of 6 is 1060
Total supply is 2550
