Changing the caller to 8
8 is minting 1000 for 0 (data:""),  (operatorData:"")
REVERT
Balance of 0 is 0
Total supply is 550
