Registering receiver 5 with hook 1
Registering receiver 6 with hook 3
Changing the caller to 8
8 is minting 1000 for 5 (data:""),  (operatorData:"")
tokensReceived: Hook address = 1, Operator = 8, From = 0, To = 5, Value = 1000, Data = , OperatorData = 
tokensReceived: sender balance: 0
tokensReceived: receiver balance: 1050
Balance of 5 is 1050
Total supply is 1550
8 is minting 10000 for 6 (data:""),  (operatorData:"")
tokensReceived: Hook address = 3, Operator = 8, From = 0, To = 6, Value = 10000, Data = , OperatorData = 
tokensReceived: sender balance: 0
tokensReceived: receiver balance: 10060
Reverting...
REVERT
Balance of 6 is 60
Total supply is 1550
8 is minting 100000 for 5 (data:""),  (operatorData:"")
tokensReceived: Hook address = 1, Operator = 8, From = 0, To = 5, Value = 100000, Data = , OperatorData = 
tokensReceived: sender balance: 0
tokensReceived: receiver balance: 101050
Balance of 5 is 101050
Total supply is 101550
