Changing the caller to 5
5 is minting 1000 for 6 (data:""),  (operatorData:"")
REVERT
Balance of 6 is 60
Total supply is 550
