Changing the caller to 3
3 is sending 200 to 10 (data:)
REVERT
Balance of 3 is 30
Balance of 10 is 100
3 is sending 200 from 3 to 10 (data:""),  (operatorData:"")
REVERT
Balance of 3 is 30
Balance of 10 is 100
Changing the caller to 8
8 is sending 200 from 3 to 10 (data:""),  (operatorData:"")
REVERT
Balance of 3 is 30
Balance of 10 is 100
