Changing the caller to 8
8 is operator for 8
8 is revoking operator 8
REVERT
8 is operator for 8
