1 is not operator for 7
7 is revoking operator 1
1 is not operator for 7
