Changing the caller to 5
Burning 0 units from 5
Balance of 5 is 50
Total supply is 550
5 is burning 0 units from 5 (operatorData:"")
Balance of 5 is 50
Total supply is 550
Changing the caller to 8
8 is burning 0 units from 5 (operatorData:"")
Balance of 5 is 50
Total supply is 550
