Registering holder 5 with hook 1
Registering holder 6 with hook 5
Changing the caller to 8
8 is burning 2 units from 5 (operatorData:"")
tokensToSend: Hook address = 1, Operator = 8, From = 5, To = 0, Value = 2, Data = , OperatorData = 
tokensToSend: sender balance: 50
tokensToSend: receiver balance: 0
Balance of 5 is 48
Total supply is 548
8 is burning 2 units from 6 (operatorData:"")
tokensToSend: Hook address = 5, Operator = 8, From = 6, To = 0, Value = 2, Data = , OperatorData = 
tokensToSend: sender balance: 60
tokensToSend: receiver balance: 0
Reverting...
REVERT
Balance of 6 is 60
Total supply is 548
Changing the caller to 6
Burning 2 units from 6
tokensToSend: Hook address = 5, Operator = 6, From = 6, To = 0, Value = 2, Data = , OperatorData = 
tokensToSend: sender balance: 60
tokensToSend: receiver balance: 0
Reverting...
REVERT
Balance of 6 is 60
Total supply is 548
Changing the caller to 8
8 is burning 2 units from 5 (operatorData:"")
tokensToSend: Hook address = 1, Operator = 8, From = 5, To = 0, Value = 2, Data = , OperatorData = 
tokensToSend: sender balance: 48
tokensToSend: receiver balance: 0
Balance of 5 is 46
Total supply is 546
