Changing the caller to 8
Actual burner: 8
Balance of 8 is 80
8 is burning 3 units from 0 (operatorData:"")
Balance of 0 is 0
Total supply is 547
Balance of 8 is 77
