Changing the caller to 5
Burning 3 units from 5
Balance of 5 is 47
Total supply is 547
5 is burning 3 units from 5 (operatorData:"")
Balance of 5 is 44
Total supply is 544
Changing the caller to 8
8 is burning 3 units from 5 (operatorData:"")
Balance of 5 is 41
Total supply is 541
