7 is approving allowance 20 for 7
7 is transferring 23 to 7
Balance of 7 is 70
Balance of 7 is 70
Allowance of 7 for 7 is 20
