7 is approving allowance 71 for 7
7 is transferring 71 from 7 to 4
REVERT
Balance of 7 is 70
Balance of 4 is 40
Allowance of 7 for 7 is 71
