7 is transferring 0 to 8
Balance of 7 is 70
Balance of 8 is 80
Allowance of 7 for 8 is 0
