7 is transferring -1 to 3
REVERT
Balance of 7 is 70
Balance of 3 is 30
Allowance of 7 for 3 is 0
