7 is transferring -1 to 7
REVERT
Balance of 7 is 70
Balance of 7 is 70
Allowance of 7 for 7 is 0
