7 is approving allowance 20 for 7
7 is transferring 23 to 4
Balance of 7 is 47
Balance of 4 is 63
Allowance of 7 for 4 is 0
