7 is approving allowance 40 for 9
Changing the caller to 9
9 is transferring 23 from 7 to 9
Balance of 7 is 47
Balance of 9 is 113
Allowance of 7 for 9 is 17
