Changing the caller to 6
6 is authorizing 1 as an operator
6 is authorizing 2 as an operator
Changing the caller to 7
7 is revoking operator 8
7 is authorizing 2 as an operator
1 is operator for 6
2 is operator for 6
8 is operator for 6
9 is operator for 6
1 is not operator for 7
2 is operator for 7
8 is not operator for 7
9 is operator for 7
