Registering receiver 5 with hook 1
Registering receiver 6 with hook 3
Changing the caller to 8
8 is minting 1000 for 5 (data:""),  (operatorData:"")
tokensReceived: Hook address = 1, Operator = 8, From = 0, To = 5, Value = 1000, Data = , OperatorData = 
tokensReceived: sender balance: 0
tokensReceived: receiver balance: 1050
Balance of 5 is 1050
Total supply is 1550
8 is minting 10000 for 6 (data:""),  (operatorData:"")
tokensReceived: Hook address = 3, Operator = 8, From = 0, To = 6, Value = 10000, Data = , OperatorData = 
tokensReceived: sender balance: 0
tokensReceived: receiver balance: 10060
Reverting...
REVERT
Balance of 6 is 60
Total supply is 1550
8 is minting 100000 for 5 (data:""),  (operatorData:"")
tokensReceived: Hook address = 1, Operator = 8, From = 0, To = 5, Value = 100000, Data = , OperatorData = 
tokensReceived: sender balance: 0
tokensReceived: receiver balance: 101050
Balance of 5 is 101050
Total supply is 101550

Events:
Minted(8, 10, 100, , init)
Transfer(0, 10, 100)
Minted(8, 9, 90, , init)
Transfer(0, 9, 90)
Minted(8, 8, 80, , init)
Transfer(0, 8, 80)
Minted(8, 7, 70, , init)
Transfer(0, 7, 70)
Minted(8, 6, 60, , init)
Transfer(0, 6, 60)
Minted(8, 5, 50, , init)
Transfer(0, 5, 50)
Minted(8, 4, 40, , init)
Transfer(0, 4, 40)
Minted(8, 3, 30, , init)
Transfer(0, 3, 30)
Minted(8, 2, 20, , init)
Transfer(0, 2, 20)
Minted(8, 1, 10, , init)
Transfer(0, 1, 10)
Minted(8, 5, 1000, , )
Transfer(0, 5, 1000)
Minted(8, 5, 100000, , )
Transfer(0, 5, 100000)
