7 is sending 70 to 7 (data:)
Balance of 7 is 70
Balance of 7 is 70
