7 is sending 1 to 0 (data:)
REVERT
Balance of 7 is 70
Balance of 0 is 0
