7 is sending 71 to 4 (data:)
REVERT
Balance of 7 is 70
Balance of 4 is 40
