7 is sending 0 to 4 (data:)
Balance of 7 is 70
Balance of 4 is 40
