7 is sending -1 to 7 (data:)
REVERT
Balance of 7 is 70
Balance of 7 is 70
